
WARNING: A restricted method in java.lang.System has been called
WARNING: java.lang.System::load has been called by org.lwjgl.system.Library$$Lambda/0x00000000741e5d38 in an unnamed module (file:/home/spi_enoxite/minecraft-cli/.minecraft/libraries/org/lwjgl/lwjgl/3.4.1/lwjgl-3.4.1-unsafe.jar)
WARNING: Use --enable-native-access=ALL-UNNAMED to avoid a warning for callers in this module
WARNING: Restricted methods will be blocked in a future release unless native access is enabled

WARNING: A terminally deprecated method in sun.misc.Unsafe has been called
WARNING: sun.misc.Unsafe::objectFieldOffset has been called by org.lwjgl.system.MemoryUtil (file:/home/spi_enoxite/minecraft-cli/.minecraft/libraries/org/lwjgl/lwjgl/3.4.1/lwjgl-3.4.1-unsafe.jar)
WARNING: Please consider reporting this to the maintainers of class org.lwjgl.system.MemoryUtil
WARNING: sun.misc.Unsafe::objectFieldOffset will be removed in a future release
[11:42:52] [Datafixer Bootstrap #0/INFO]: 295 Datafixer optimizations took 613 milliseconds
[11:42:57] [main/INFO]: Completely ignored arguments: [--userType, mojang]
[11:42:57] [Render thread/INFO]: Environment: Environment[sessionHost=https://sessionserver.mojang.com, servicesHost=https://api.minecraftservices.com, profilesHost=https://api.mojang.com, name=PROD]
[11:42:57] [Render thread/INFO]: Setting user: spi_enoxite
[11:42:57] [Render thread/INFO]: Backend library: LWJGL version 3.4.1+2
[11:42:58] [Render thread/INFO]: Using graphics backend OpenGL, using drivers: 4.6 (Core Profile) Mesa 25.0.7-2+deb13u1
[11:42:58] [Render thread/INFO]: Using graphics device: AMD Radeon Vega 8 Graphics (radeonsi, raven, ACO, DRM 3.61, 6.12.107+deb13-amd64) (AMD)
[11:42:58] [Render thread/INFO]: Using graphics device extensions: GL_ARB_multi_draw_indirect, GL_ARB_buffer_storage, GL_ARB_shader_draw_parameters, GL_ARB_base_instance, GL_KHR_debug, GL_ARB_draw_indirect, GL_ARB_clip_control, GL_ARB_vertex_attrib_binding, GL_ARB_direct_state_access, GL_EXT_texture_filter_anisotropic
[11:42:58] [Download-2/ERROR]: Failed to fetch user properties
com.mojang.authlib.exceptions.InvalidCredentialsException: Status: 401
        at com.mojang.authlib.exceptions.MinecraftClientHttpException.toAuthenticationException(MinecraftClientHttpException.java:70)
        at com.mojang.authlib.yggdrasil.YggdrasilUserApiService.fetchProperties(YggdrasilUserApiService.java:173)
        at net.minecraft.client.Minecraft.lambda$new$1(Minecraft.java:438)
        at java.base/java.util.concurrent.CompletableFuture$AsyncSupply.run(CompletableFuture.java:1789)
        at java.base/java.util.concurrent.ThreadPoolExecutor.runWorker(ThreadPoolExecutor.java:1090)
        at java.base/java.util.concurrent.ThreadPoolExecutor$Worker.run(ThreadPoolExecutor.java:614)
        at java.base/java.lang.Thread.run(Thread.java:1474)
Caused by: MinecraftClientHttpException[type=HTTP_ERROR, status=401, response=ErrorResponse[path=/player/attributes, error=null, errorMessage=null, details=null]]
        at com.mojang.authlib.minecraft.client.MinecraftClient.buildHttpException(MinecraftClient.java:170)
        at com.mojang.authlib.minecraft.client.MinecraftClient.readServiceResponse(MinecraftClient.java:147)
        at com.mojang.authlib.minecraft.client.MinecraftClient.getWithEtag(MinecraftClient.java:81)
        at com.mojang.authlib.minecraft.client.MinecraftClient.get(MinecraftClient.java:65)
        at com.mojang.authlib.yggdrasil.YggdrasilUserApiService.fetchProperties(YggdrasilUserApiService.java:123)
        ... 5 more
[11:42:59] [Render thread/INFO]: Reloading ResourceManager: vanilla
[11:42:59] [Download-2/INFO]: Could not authorize you against Realms server: java.lang.RuntimeException: Failed to parse into SignedJWT: 0
[11:42:59] [Download-2/ERROR]: Failed to fetch Realms feature flags
com.mojang.realmsclient.exception.RealmsServiceException: Realms authentication error with message 'java.lang.RuntimeException: Failed to parse into SignedJWT: 0'
        at com.mojang.realmsclient.client.RealmsClient.execute(RealmsClient.java:528)
        at com.mojang.realmsclient.client.RealmsClient.fetchFeatureFlags(RealmsClient.java:187)
        at java.base/java.util.concurrent.CompletableFuture$AsyncSupply.run(CompletableFuture.java:1789)
        at java.base/java.util.concurrent.ThreadPoolExecutor.runWorker(ThreadPoolExecutor.java:1090)
        at java.base/java.util.concurrent.ThreadPoolExecutor$Worker.run(ThreadPoolExecutor.java:614)
        at java.base/java.lang.Thread.run(Thread.java:1474)
[11:42:59] [Worker-Main-2/INFO]: Found unifont_pua-17.0.01.hex, loading
[11:42:59] [Worker-Main-3/INFO]: Found unifont_all_no_pua-17.0.01.hex, loading
[11:43:00] [Worker-Main-3/INFO]: Found unifont_jp_patch-17.0.01.hex, loading
[11:43:02] [Render thread/INFO]: OpenAL initialized on device Airdopes 903 Lite 
[11:43:02] [Render thread/INFO]: Sound engine started
[11:43:02] [Render thread/INFO]: Created: 512x256x0 minecraft:textures/atlas/particles.png-atlas
[11:43:02] [Render thread/INFO]: Created: 128x128x0 minecraft:textures/atlas/decorated_pot.png-atlas
[11:43:02] [Render thread/INFO]: Created: 2048x1024x0 minecraft:textures/atlas/armor_trims.png-atlas
[11:43:02] [Render thread/INFO]: Created: 512x256x0 minecraft:textures/atlas/paintings.png-atlas
[11:43:02] [Render thread/INFO]: Created: 1024x512x0 minecraft:textures/atlas/shield_patterns.png-atlas
[11:43:02] [Render thread/INFO]: Created: 2048x2048x4 minecraft:textures/atlas/blocks.png-atlas
[11:43:02] [Render thread/INFO]: Created: 512x512x0 minecraft:textures/atlas/chest.png-atlas
[11:43:02] [Render thread/INFO]: Created: 256x128x0 minecraft:textures/atlas/celestials.png-atlas
[11:43:02] [Render thread/INFO]: Created: 1024x512x0 minecraft:textures/atlas/banner_patterns.png-atlas
[11:43:02] [Render thread/INFO]: Created: 1024x512x0 minecraft:textures/atlas/items.png-atlas
[11:43:02] [Render thread/INFO]: Created: 1024x1024x0 minecraft:textures/atlas/gui.png-atlas
[11:43:02] [Render thread/INFO]: Created: 128x64x0 minecraft:textures/atlas/map_decorations.png-atlas
[11:43:02] [Render thread/INFO]: Created: 512x512x0 minecraft:textures/atlas/shulker_boxes.png-atlas
ALSA lib pcm_dmix.c:1000:(snd_pcm_dmix_open) unable to open slave
audio_open_alsa: failed to open audio device default. No such file or directory
[11:43:08] [Download-2/INFO]: Could not authorize you against Realms server: java.lang.RuntimeException: Failed to parse into SignedJWT: 0
[11:43:08] [Download-2/ERROR]: Couldn't connect to realms
com.mojang.realmsclient.exception.RealmsServiceException: Realms authentication error with message 'java.lang.RuntimeException: Failed to parse into SignedJWT: 0'
        at com.mojang.realmsclient.client.RealmsClient.execute(RealmsClient.java:528)
        at com.mojang.realmsclient.client.RealmsClient.clientCompatible(RealmsClient.java:308)
        at com.mojang.realmsclient.RealmsAvailability.lambda$check$0(RealmsAvailability.java:48)
        at java.base/java.util.concurrent.CompletableFuture$AsyncSupply.run(CompletableFuture.java:1789)
        at java.base/java.util.concurrent.ThreadPoolExecutor.runWorker(ThreadPoolExecutor.java:1090)
        at java.base/java.util.concurrent.ThreadPoolExecutor$Worker.run(ThreadPoolExecutor.java:614)
        at java.base/java.lang.Thread.run(Thread.java:1474)


